[clayton-dev.netlify.app/index.html]
[backblue.gif]
[fade.gif]
[index.html]
[clayton-dev.netlify.app/assets/images/favicon.png]
[clayton-dev.netlify.app/assets/css/animate.css]
[clayton-dev.netlify.app/assets/bootstrap/css/bootstrap.min.css]
[clayton-dev.netlify.app/assets/css/ionicons.min.css]
[clayton-dev.netlify.app/assets/css/themify-icons.css]
[clayton-dev.netlify.app/assets/css/all.min.css]
[clayton-dev.netlify.app/assets/owlcarousel/css/owl.carousel.min.css]
[clayton-dev.netlify.app/assets/owlcarousel/css/owl.theme.css]
[clayton-dev.netlify.app/assets/css/magnific-popup.css]
[clayton-dev.netlify.app/assets/css/jquery.mCustomScrollbar.min.css]
[clayton-dev.netlify.app/assets/css/style.css]
[clayton-dev.netlify.app/assets/css/responsive.css]
[clayton-dev.netlify.app/assets/css/3d.cube.css]
[www.statcounter.com/counter/counter.js]
[code.iconify.design/1/1.0.7/iconify.min.js]
[cdn.jsdelivr.net/npm/@emailjs/browser@4/dist/email.min.js]
[clayton-dev.netlify.app/assets/images/logo_white.png]
[clayton-dev.netlify.app/assets/images/logo_dark.png]
[clayton-dev.netlify.app/_assets/images/banner_img1.14.delayed]
[clayton-dev.netlify.app/assets/images/clayton-avatar.jpg]
[clayton-dev.netlify.app/assets/documents/clayton-resume.pdf]
[clayton-dev.netlify.app/assets/images/wave_shape.png]
[clayton-dev.netlify.app/_assets/images/counter_bg.18.delayed]
[clayton-dev.netlify.app/assets/images/portfolio-kw-1.jpg]
[clayton-dev.netlify.app/assets/images/portfolio-covid-1.jpg]
[clayton-dev.netlify.app/assets/images/portfolio-virusgeeks-1.jpg]
[clayton-dev.netlify.app/assets/images/portfolio-beach-1.jpg]
[clayton-dev.netlify.app/assets/images/portfolio-zoo-1.jpg]
[clayton-dev.netlify.app/assets/images/portfolio-gas-1.jpg]
[clayton-dev.netlify.app/assets/images/portfolio-tango-1.jpg]
[clayton-dev.netlify.app/assets/images/portfolio-mused-1.jpg]
[clayton-dev.netlify.app/assets/images/portfolio-barber-1.jpg]
[clayton-dev.netlify.app/assets/images/portfolio-foobee-1.jpg]
[clayton-dev.netlify.app/assets/images/portfolio-lion-1.jpg]
[clayton-dev.netlify.app/assets/images/portfolio-luko-1.jpg]
[clayton-dev.netlify.app/assets/images/portfolio-samsara-1.jpg]
[clayton-dev.netlify.app/assets/images/portfolio-network-1.jpg]
[clayton-dev.netlify.app/assets/images/portfolio-offerup-1.jpg]
[clayton-dev.netlify.app/assets/images/portfolio-inseller-1.jpg]
[clayton-dev.netlify.app/assets/images/portfolio-covid-2.jpg]
[clayton-dev.netlify.app/assets/images/portfolio-covid-3.jpg]
[clayton-dev.netlify.app/assets/images/portfolio-covid-4.jpg]
[clayton-dev.netlify.app/assets/images/portfolio-covid-5.jpg]
[clayton-dev.netlify.app/assets/images/portfolio-covid-6.jpg]
[clayton-dev.netlify.app/assets/images/portfolio-covid-7.jpg]
[clayton-dev.netlify.app/assets/images/portfolio-virusgeeks-2.jpg]
[clayton-dev.netlify.app/assets/images/portfolio-virusgeeks-3.jpg]
[clayton-dev.netlify.app/assets/images/portfolio-kw-2.jpg]
[clayton-dev.netlify.app/assets/images/portfolio-kw-3.jpg]
[clayton-dev.netlify.app/assets/images/portfolio-kw-4.jpg]
[clayton-dev.netlify.app/assets/images/portfolio-kw-5.jpg]
[clayton-dev.netlify.app/assets/images/portfolio-kw-6.jpg]
[clayton-dev.netlify.app/assets/images/portfolio-beach-2.jpg]
[clayton-dev.netlify.app/assets/images/portfolio-zoo-2.jpg]
[clayton-dev.netlify.app/assets/images/portfolio-luko-2.jpg]
[clayton-dev.netlify.app/assets/images/portfolio-luko-3.jpg]
[clayton-dev.netlify.app/assets/images/portfolio-samsara-2.jpg]
[clayton-dev.netlify.app/assets/images/portfolio-lion-2.jpg]
[clayton-dev.netlify.app/assets/images/portfolio-lion-3.jpg]
[clayton-dev.netlify.app/assets/images/portfolio-lion-4.jpg]
[clayton-dev.netlify.app/assets/images/portfolio-lion-5.jpg]
[clayton-dev.netlify.app/assets/images/portfolio-network-2.jpg]
[clayton-dev.netlify.app/assets/images/client_img1.jpg]
[clayton-dev.netlify.app/assets/images/client_img2.png]
[clayton-dev.netlify.app/assets/images/client_img6.jpg]
[clayton-dev.netlify.app/assets/images/client_img3.png]
[clayton-dev.netlify.app/assets/images/client_img4.jpg]
[clayton-dev.netlify.app/assets/images/client_img5.jpg]
[clayton-dev.netlify.app/assets/js/jquery-1.12.4.min.js]
[clayton-dev.netlify.app/assets/js/jquery-ui.js]
[clayton-dev.netlify.app/assets/js/popper.min.js]
[clayton-dev.netlify.app/assets/bootstrap/js/bootstrap.min.js]
[clayton-dev.netlify.app/assets/owlcarousel/js/owl.carousel.min.js]
[clayton-dev.netlify.app/assets/js/magnific-popup.min.js]
[clayton-dev.netlify.app/assets/js/waypoints.min.js]
[clayton-dev.netlify.app/assets/js/parallax.js]
[clayton-dev.netlify.app/assets/js/jquery.countdown.min.js]
[clayton-dev.netlify.app/assets/js/jquery.counterup.min.js]
[clayton-dev.netlify.app/assets/js/jquery.parallax-scroll.js]
[clayton-dev.netlify.app/assets/js/imagesloaded.pkgd.min.js]
[clayton-dev.netlify.app/assets/js/isotope.min.js]
[clayton-dev.netlify.app/assets/js/vanilla-tilt.babel.min.js]
[clayton-dev.netlify.app/assets/js/typed.min.js]
[clayton-dev.netlify.app/assets/js/typed-text.js]
[clayton-dev.netlify.app/assets/js/jquery.mCustomScrollbar.concat.min.js]
[clayton-dev.netlify.app/index.html]
[clayton-dev.netlify.app/assets/css/animate.css]
[clayton-dev.netlify.app/assets/bootstrap/css/bootstrap.min.css]
[clayton-dev.netlify.app/assets/js/scripts.js]
[clayton-dev.netlify.app/assets/fonts/ionicons.5828b5.delayed]
[clayton-dev.netlify.app/assets/fonts/ionicons28b5.ttf]
[clayton-dev.netlify.app/assets/fonts/ionicons.5a28b5.delayed]
[clayton-dev.netlify.app/assets/fonts/ionicons.5b28b5.delayed]
[clayton-dev.netlify.app/assets/css/ionicons.min.css]
[clayton-dev.netlify.app/assets/fonts/themify.5c9f24.delayed]
[clayton-dev.netlify.app/assets/fonts/themify.5dd41d.delayed]
[clayton-dev.netlify.app/assets/fonts/themify9f24.woff]
[clayton-dev.netlify.app/assets/fonts/themify.5f9f24.delayed]
[clayton-dev.netlify.app/assets/fonts/themify.609f24.delayed]
[clayton-dev.netlify.app/assets/css/themify-icons.css]
[clayton-dev.netlify.app/assets/fonts/fa-brands-400.61.delayed]
[clayton-dev.netlify.app/assets/fonts/fa-brands-400.62d41d.delayed]
[clayton-dev.netlify.app/assets/fonts/fa-brands-400.63.delayed]
[clayton-dev.netlify.app/assets/fonts/fa-brands-400.64.delayed]
[clayton-dev.netlify.app/assets/fonts/fa-brands-400.65.delayed]
[clayton-dev.netlify.app/assets/fonts/fa-brands-400.66.delayed]
[clayton-dev.netlify.app/assets/fonts/fa-regular-400.67.delayed]
[clayton-dev.netlify.app/assets/fonts/fa-regular-400.68d41d.delayed]
[clayton-dev.netlify.app/assets/fonts/fa-regular-400.69.delayed]
[clayton-dev.netlify.app/assets/fonts/fa-regular-400.6a.delayed]
[clayton-dev.netlify.app/assets/fonts/fa-regular-400.6b.delayed]
[clayton-dev.netlify.app/assets/fonts/fa-regular-400.6c.delayed]
[clayton-dev.netlify.app/assets/fonts/fa-solid-900.6d.delayed]
[clayton-dev.netlify.app/assets/fonts/fa-solid-900.6ed41d.delayed]
[clayton-dev.netlify.app/assets/fonts/fa-solid-900.woff2]
[clayton-dev.netlify.app/assets/fonts/fa-solid-900.70.delayed]
[clayton-dev.netlify.app/assets/fonts/fa-solid-900.71.delayed]
[clayton-dev.netlify.app/assets/fonts/fa-solid-900.72.delayed]
[clayton-dev.netlify.app/assets/css/all.min.css]
[clayton-dev.netlify.app/assets/fonts/Flaticon.73.delayed]
[clayton-dev.netlify.app/assets/fonts/Flaticon.74d41d.delayed]
[clayton-dev.netlify.app/assets/fonts/Flaticon.woff2]
[clayton-dev.netlify.app/assets/fonts/Flaticon.76.delayed]
[clayton-dev.netlify.app/assets/fonts/Flaticon.77.delayed]
[clayton-dev.netlify.app/assets/fonts/Flaticon.78.delayed]
[clayton-dev.netlify.app/assets/css/Flaticon.79.delayed]
[clayton-dev.netlify.app/assets/css/flaticon.css]
[clayton-dev.netlify.app/assets/owlcarousel/css/owl.video.play.7a.delayed]
[clayton-dev.netlify.app/assets/owlcarousel/css/owl.carousel.min.css]
[clayton-dev.netlify.app/assets/owlcarousel/css/AjaxLoader.7b.delayed]
[clayton-dev.netlify.app/assets/owlcarousel/css/owl.theme.css]
[clayton-dev.netlify.app/assets/owlcarousel/css/owl.theme.default.min.css]
[clayton-dev.netlify.app/assets/css/magnific-popup.css]
[clayton-dev.netlify.app/assets/css/mCSB_buttons.7c.delayed]
[clayton-dev.netlify.app/assets/css/jquery.mCustomScrollbar.min.css]
[app.experfy.com/assets/public/home/circle-dc51c67fb1bb41406912107875e3686449c50d9eeea1ce4c5abb2410a9ee52c0.gif]
[clayton-dev.netlify.app/assets/images/pattren_bg.7e.delayed]
[clayton-dev.netlify.app/assets/images/loading.7f.delayed]
[clayton-dev.netlify.app/assets/images/pattern.80.delayed]
[clayton-dev.netlify.app/assets/images/pattern2.81.delayed]
[clayton-dev.netlify.app/assets/images/wave_shape2.png]
[clayton-dev.netlify.app/assets/images/wave_shape4.83.delayed]
[clayton-dev.netlify.app/assets/css/style.css]
[clayton-dev.netlify.app/assets/css/responsive.css]
[clayton-dev.netlify.app/assets/css/3d.cube.css]
[clayton-dev.netlify.app/_assets/images/banner_img1.html]
[clayton-dev.netlify.app/_assets/images/counter_bg.html]
[clayton-dev.netlify.app/assets/fonts/ionicons28b5.html]
[clayton-dev.netlify.app/assets/fonts/ionicons28b5-2.html]
[clayton-dev.netlify.app/assets/fonts/ionicons28b5-3.html]
[clayton-dev.netlify.app/assets/fonts/themify9f24.html]
[clayton-dev.netlify.app/assets/fonts/themifyd41d.html]
[clayton-dev.netlify.app/assets/fonts/themify9f24-2.html]
[clayton-dev.netlify.app/assets/fonts/themify9f24-3.html]
[clayton-dev.netlify.app/assets/fonts/fa-brands-400.html]
[clayton-dev.netlify.app/assets/fonts/fa-brands-400d41d.html]
[clayton-dev.netlify.app/assets/fonts/fa-brands-401.html]
[clayton-dev.netlify.app/assets/fonts/fa-brands-402.html]
[clayton-dev.netlify.app/assets/fonts/fa-brands-403.html]
[clayton-dev.netlify.app/assets/fonts/fa-brands-404.html]
[clayton-dev.netlify.app/assets/fonts/fa-regular-400.html]
[clayton-dev.netlify.app/assets/fonts/fa-regular-400d41d.html]
[clayton-dev.netlify.app/assets/fonts/fa-regular-401.html]
[clayton-dev.netlify.app/assets/fonts/fa-regular-402.html]
[clayton-dev.netlify.app/assets/fonts/fa-regular-403.html]
[clayton-dev.netlify.app/assets/fonts/fa-regular-404.html]
[clayton-dev.netlify.app/assets/fonts/fa-solid-900.html]
[clayton-dev.netlify.app/assets/fonts/fa-solid-900d41d.html]
[clayton-dev.netlify.app/assets/fonts/fa-solid-901.html]
[clayton-dev.netlify.app/assets/fonts/fa-solid-902.html]
[clayton-dev.netlify.app/assets/fonts/fa-solid-903.html]
[clayton-dev.netlify.app/assets/fonts/Flaticon.html]
[clayton-dev.netlify.app/assets/fonts/Flaticond41d.html]
[clayton-dev.netlify.app/assets/fonts/Flaticon-2.html]
[clayton-dev.netlify.app/assets/fonts/Flaticon-3.html]
[clayton-dev.netlify.app/assets/fonts/Flaticon-4.html]
[clayton-dev.netlify.app/assets/css/Flaticon.html]
[clayton-dev.netlify.app/assets/owlcarousel/css/owl.video.play.html]
[clayton-dev.netlify.app/assets/owlcarousel/css/AjaxLoader.html]
[clayton-dev.netlify.app/assets/css/mCSB_buttons.html]
[clayton-dev.netlify.app/assets/images/pattren_bg.html]
[clayton-dev.netlify.app/assets/images/loading.html]
[clayton-dev.netlify.app/assets/images/pattern.html]
[clayton-dev.netlify.app/assets/images/pattern2.html]
[clayton-dev.netlify.app/assets/images/wave_shape4.html]
